[live-run] session 26a78b95-d56d-4b14-a28d-d66dc847e5db · Brew & Bean Profitability · pace fast

[interviewer · INTRO] Your client is Brew & Bean, a specialty coffee chain with 200 locations across the US. Over the past two years, their net profit margin has declined from 24% to 6%, even though revenues have grown 15% over the same period. The CEO has hired us to identify the root cause of this profit decline and recommend how to reverse it. How would you approach this problem?

How would you like to approach this? Feel free to take a moment to gather your thoughts first.

[candidate · 0:07] Let me take a second to structure this.

So the key tension is revenue is up 15% but margin collapsed from 24% to 6% — that's a huge drop, roughly a quarter of what it was. Since revenue grew, the story is almost certainly on the cost side, though I don't want to rule out revenue mix yet.

I'd break it into three buckets:

First, revenue quality — is the 15% growth coming from new stores, more transactions per store, or price increases? Growth from opening new locations could be dragging margin if new stores aren't mature yet.

Second, costs, split into COGS (coffee beans, milk, cups, food) and operating costs (labor, rent, utilities, marketing, corporate overhead). I'd want to see which line items grew faster than revenue.

Third, external factors — commodity prices, wage inflation, competition.

To start, do we have a cost breakdown as a percentage of revenue for both years? That would let me isolate where the 18 points went.
[runner] phase: INTRO stall rung: none
[interviewer-model] raw response: {"actions":[{"type":"advance_phase"},{"type":"advance_phase"},{"type":"say","text":"Okay. Before I give you data, is that structure MECE — what's missing or overlapping?"}]}
[interviewer-model] dropped actions: [{"action":{"type":"advance_phase"},"reason":"duplicate"}]
[interviewer] phase: INTRO raw: ["advance_phase","speak"] → filtered: ["advance_phase","speak"]
[runner] same-turn data request resolution: {"released":[],"deferred":true,"offered":[],"notYet":false,"refusedNotInCase":false,"phase":"CLARIFY"}

[interviewer · CLARIFY · 0:09] Okay. I'll come to that data shortly. Before I give you data, is that structure MECE — what's missing or overlapping?

[candidate · 0:15] Fair challenge. A couple of issues.

Overlap: my "external factors" bucket isn't really separate — commodity prices show up inside COGS, wage inflation inside labor. It's a driver of the other two, not a parallel branch. I'd fold it in as a "why" layer rather than a third bucket.

Gap: I framed it as revenue and costs, but profit margin is profit over revenue, so I should be explicit that revenue itself has two levers — price per ticket and volume — and that mix matters. A shift toward lower-margin items, say more food or more cold drinks with higher input costs, could hurt margin even with revenue growing.

Also missing: anything below the operating line. Net margin, not gross, so interest expense, depreciation from a build-out, or taxes could be part of it. If they've been financing 200 locations with debt, that's real.

So cleaner version: margin change equals revenue-side effects (price, volume, mix) plus cost-side effects (COGS, operating, below-the-line), with external drivers explaining each.
[runner] phase: CLARIFY stall rung: none
[interviewer-model] raw response: {"actions":[{"type":"advance_phase"},{"type":"reveal_data","item_id":"cogs_pct"},{"type":"reveal_data","item_id":"labor_pct"},{"type":"reveal_data","item_id":"overhead_pct"},{"type":"say","text":"Okay. Using those figures, where did the margin go, and which line would you dig into first?"}]}
[interviewer] phase: CLARIFY raw: ["advance_phase","reveal_data","reveal_data","reveal_data","speak"] → filtered: ["advance_phase","reveal_data","reveal_data","reveal_data","speak"]
[runner] phase repair: {"from":"STRUCTURE","to":"ANALYSIS","reasons":["ledger reveal (releaseWhen ANALYSIS)"]}

[interviewer · ANALYSIS · 0:17] COGS is 58% of revenue today, up from 42% two years ago. Labor is 22% of revenue, and it’s been stable. Overhead is 14% of revenue, up slightly from 12%. Okay. Using those figures, where did the margin go, and which line would you dig into first?

[candidate · 0:23] Let me check that it ties out. Two years ago: 42 plus 22 plus 12 equals 76% of revenue in costs, leaving 24% margin — that matches. Today: 58 plus 22 plus 14 equals 94%, leaving 6% — also matches. Good, so these three lines explain the whole decline.

Of the 18 points lost, COGS accounts for 16 and overhead for 2. Labor is flat as a percentage, which actually means labor costs grew roughly in line with the 15% revenue growth, so that's not the story.

So COGS is where I'd go — it's nearly 90% of the problem, and 2 points of overhead isn't worth chasing first.

Digging in, COGS going from 42 to 58 could be input cost inflation (coffee bean prices spiked), product mix shifting toward lower-margin items, waste or spoilage, or prices not being raised to pass through cost increases.

Do we have a breakdown of what's inside COGS, and has Brew & Bean changed menu prices in the last two years?
[runner] phase: ANALYSIS stall rung: none
[interviewer-model] raw response: {"actions":[{"type":"reveal_data","item_id":"bean_share_of_cogs"},{"type":"reveal_data","item_id":"non_bean_input_change"},{"type":"reveal_data","item_id":"menu_price_change"},{"type":"say","text":"Using those, how much of the COGS increase can you attribute to beans versus everything else? Walk me through the calculation."}]}
[interviewer] phase: ANALYSIS raw: ["reveal_data","reveal_data","reveal_data","speak"] → filtered: ["reveal_data","reveal_data","reveal_data","speak"]
[runner] phase repair: {"from":"ANALYSIS","to":"EXHIBIT","reasons":["ledger reveal (releaseWhen EXHIBIT)"]}

[interviewer · EXHIBIT · 0:25] Coffee beans were 25% of COGS two years ago. Other input costs — dairy, packaging, and food — are up 37.5% over the past two years. Menu prices have not changed in two years. Using those, how much of the COGS increase can you attribute to beans versus everything else? Walk me through the calculation.

[candidate · 0:33] Let me set this up in percentage-of-revenue points so everything's comparable.

Two years ago COGS was 42 points of revenue. Beans were 25% of that, so 10.5 points, and everything else was 75%, so 31.5 points.

Now, "other inputs up 37.5%" — I'll assume that's growth as a share of revenue, not absolute dollars. So 31.5 × 1.375 = 43.3 points.

Today total COGS is 58 points, so beans must be 58 − 43.3 = 14.7 points, up from 10.5. That's an increase of 4.2 points, or about a 40% rise.

So of the 16-point COGS increase, roughly 11.8 points come from dairy, packaging, and food, and about 4.2 points from beans. Other inputs are nearly three-quarters of the problem — which surprised me, I'd assumed beans were the villain.

One flag: if that 37.5% was absolute dollar growth, then with revenue up 15% the per-revenue increase is only about 19.6%, and the split changes a lot. Which is it?
[runner] phase: EXHIBIT stall rung: none
[interviewer-model] raw response: {"actions":[{"type":"say","text":"The figure is the growth in other input costs over two years, in dollar terms, not a share of revenue. Given that, how would you restate the split between beans and everything else?"}]}
[interviewer] phase: EXHIBIT raw: ["speak"] → filtered: ["speak"]

[interviewer · EXHIBIT · 0:36] The figure is the growth in other input costs over two years, in dollar terms, not a share of revenue. Given that, how would you restate the split between beans and everything else?

[candidate · 0:43] Good, that changes the answer materially — let me redo it.

Other inputs grew 37.5% in dollars while revenue grew 15%. So as a share of revenue they grew by a factor of 1.375 / 1.15 = 1.196, about 19.6%.

Applying that: 31.5 points × 1.196 = 37.7 points of revenue today.

Beans are then the residual: 58 − 37.7 = 20.3 points, versus 10.5 two years ago. That's an increase of 9.8 points, essentially doubling as a share of revenue.

So of the 16-point COGS increase, beans are about 9.8 points and other inputs about 6.2 points. Beans are the bigger driver after all — my earlier read was wrong because I conflated dollar and percentage-of-revenue growth.

In dollar terms beans are up roughly 1.93 × 1.15, so about 122% — more than doubled. That smells like a commodity price spike rather than volume.

Do we know what happened to green coffee prices over this period, and whether the client hedges or buys on spot?
[runner] phase: EXHIBIT stall rung: none
[interviewer-model] raw response: {"actions":[{"type":"reveal_data","item_id":"bean_price_change"},{"type":"show_exhibit","exhibit_id":"exhibit-a"},{"type":"say","text":"I've put the cost structure exhibit in front of you. What does it tell you, and what does it change about your view?"}]}
[interviewer] phase: EXHIBIT raw: ["reveal_data","show_exhibit","speak"] → filtered: ["reveal_data","show_exhibit","speak"]

[interviewer · EXHIBIT · 0:46] Raw coffee bean costs are up 40% over the past two years. I've put the cost structure exhibit in front of you. What does it tell you, and what does it change about your view?

[candidate · 0:55] The exhibit shows a very linear decline — 24 to 15 to 6, exactly nine points a year, and COGS rising exactly eight points a year while labor sits flat. That steadiness argues against a one-off shock and for a structural trend that's been running unchecked for two years.

But the bigger thing is the 40% figure doesn't reconcile. If bean prices rose 40% and volume moved with revenue, bean dollars would be up 40%, which as a share of revenue is 1.40/1.15 = 1.217 — taking beans from 10.5 points to about 12.8. I calculated actual beans at 20.3 points. That's a 7.5-point gap price alone can't explain.

So they're using materially more beans per dollar of revenue than before. Possible causes: waste and spoilage, inconsistent portioning or over-pouring at store level, theft, or a mix shift toward larger and more bean-intensive drinks that aren't priced for it.

That reframes this. It's not purely a commodity problem you hedge your way out of — there's an operational control issue. Do we have data on waste rates or beans used per drink by store?
[runner] phase: EXHIBIT stall rung: none
[interviewer-model] raw response: {"actions":[{"type":"say","text":"That's not in the information I have. Before we go further, which of the explanations you listed would you test first, and why?"}]}
[interviewer] phase: EXHIBIT raw: ["speak"] → filtered: ["speak"]
[runner] same-turn data request resolution: {"released":[],"deferred":false,"offered":[],"notYet":false,"refusedNotInCase":true,"phase":"EXHIBIT"}

[interviewer · EXHIBIT · 1:02] That's not in the information I have. That isn't something I have data on. Before we go further, which of the explanations you listed would you test first, and why?

[candidate · 1:10] I'd test product mix shift first — not because it's most likely, but because it's the cheapest to rule in or out. They have POS data already; I can pull unit mix by drink type for both periods and compare. If the mix has swung toward larger sizes or multi-shot espresso drinks, bean usage per transaction rises mechanically and I've explained part of the gap in a day. Waste and theft studies need store visits and inventory audits — weeks of work.

Mix is also the one that connects to the other fact we have: prices haven't moved in two years. If customers shifted to bean-heavier drinks and the menu never repriced to reflect that, the margin leak is baked into the price architecture, which is also the fastest thing to fix.

Second I'd test portioning and waste, since a uniform drift across 200 stores would point to a process or training failure rather than isolated theft.

One caveat: these aren't mutually exclusive — likely some of each.
[runner] phase: EXHIBIT stall rung: none
[interviewer-model] raw response: {"actions":[{"type":"say","text":"Okay. Going back to your bean calculation: you derived the bean share as a residual from COGS. Walk me through whether that residual holds up given the 40% bean cost increase I gave you."},{"type":"advance_phase"}]}
[interviewer] phase: EXHIBIT raw: ["speak","advance_phase"] → filtered: ["speak","advance_phase"]

[interviewer · BRAINSTORM · 1:12] Okay. Going back to your bean calculation: you derived the bean share as a residual from COGS. Walk me through whether that residual holds up given the 40% bean cost increase I gave you.

[candidate · 1:21] Let me pressure-test it, because I think I made an error a moment ago.

If bean prices are up 40% per pound and bean volume grows with revenue at 15%, bean dollars are up 1.40 × 1.15 = 1.61, so 61%. As a share of revenue that's 1.61/1.15 = 1.40 — the volume cancels and you just get the price effect. So beans go from 10.5 points to 10.5 × 1.40 = 14.7 points, not the 12.8 I said. I double-counted the revenue growth before.

So the gap is 20.3 versus 14.7, about 5.6 points unexplained, not 7.5. Still large, but smaller.

The deeper issue: the residual is only as good as the assumption that COGS equals beans plus those three categories. If there's anything else in COGS — syrups, merchandise, new food lines, or distribution — the residual dumps all of it onto beans and overstates the anomaly. Do we know those four categories are exhaustive?
[runner] phase: BRAINSTORM stall rung: none
[interviewer-model] raw response: {"actions":[{"type":"say","text":"I don't have a further breakdown of COGS beyond those categories, so treat that as an open caveat. Beyond what we've discussed, what else could the client do to reverse the margin decline?"}]}
[interviewer] phase: BRAINSTORM raw: ["speak"] → filtered: ["speak"]

[interviewer · BRAINSTORM · 1:32] I don't have a further breakdown of COGS beyond those categories, so treat that as an open caveat. Beyond what we've discussed, what else could the client do to reverse the margin decline?

[candidate · 1:39] Fair. Let me lay out the levers beyond fixing bean usage.

Pricing is the most obvious untouched one. Prices haven't moved in two years while input costs rose sharply — that's the single biggest self-inflicted piece. Specialty coffee tends to be relatively price-inelastic and competitors are facing the same commodity environment, so a 5-8% increase likely sticks. Rough math: on a 6% margin, even 5 points of price flowing mostly to the bottom line roughly doubles profitability. I'd also reprice selectively — raise on the bean-heavy drinks that are driving the usage problem rather than across the board.

Procurement: they're clearly exposed to spot prices. Forward contracts or hedging won't recover past losses but stops the bleeding, and at 200 locations there's scale to negotiate.

Mix and menu engineering: push higher-margin items — food, merchandise, cold brew — and consider cup-size or recipe standardization.

Overhead is up 2 points; smaller, but worth asking whether corporate costs scaled with new store openings.

What I'd avoid is cutting labor — it's flat at 22% and cutting it risks service quality.
[runner] phase: BRAINSTORM stall rung: none
[interviewer-model] raw response: {"actions":[{"type":"advance_phase"},{"type":"say","text":"Okay. Of those levers, which would you prioritize, and what is your overall recommendation to the CEO?"}]}
[interviewer] phase: BRAINSTORM raw: ["advance_phase","speak"] → filtered: ["advance_phase","speak"]
[runner] streaming stopped: time_or_rec_cue

[interviewer · RECOMMENDATION · 1:42] Okay. Of those levers, which would you prioritize, and what is your overall recommendation to the CEO?

[candidate · 1:48] My recommendation: Brew & Bean's margin collapse is overwhelmingly a cost-of-goods problem, and the fastest path back is pricing, executed alongside fixing bean usage.

Three supporting points. First, the diagnosis is clean — COGS explains 16 of the 18 lost margin points, labor is flat, overhead is only 2 points. Second, within COGS, bean price inflation of 40% accounts for roughly 4 points of revenue, but our residual suggests another 5 to 6 points we can't explain by price, pointing to waste, portioning, or mix. Third, menu prices haven't moved in two years, so none of this was passed through.

Priority order: immediate selective price increase of 5 to 8%, weighted toward bean-heavy drinks; in parallel, a 30-day store-level audit of waste and portioning; then lock in forward bean contracts.

Risks: price elasticity could be worse than assumed, so I'd pilot in a few markets first. And my bean figure is a residual — if COGS contains categories we haven't seen, that number moves.

Next step is pulling POS mix data and piloting the price change.
[runner] phase: RECOMMENDATION stall rung: none
[interviewer-model] raw response: {"actions":[{"type":"end_case"}]}
[interviewer] phase: RECOMMENDATION raw: ["end_case"] → filtered: ["end_case"]

[interviewer · SCORING · 1:49] That's our time. Thanks for working through this with me — your written report will follow.
[score] backfilled data-request classification for candidate turns: [19]
[score] verifier dropped unsupported claims: [{"id":9,"dimension":"judgment","section":"needsWork","index":0,"text":"The 5–8% price increase is presented as the fastest path back, but it recovers only a fraction of the 18-point gap. The candidate never acknowledged how much margin it actually restores.","reason":"In turn 17 the candidate did quantify the effect: 'on a 6% margin, even 5 points of price flowing mostly to the bottom line roughly doubles profitability.' That is an acknowledgment of how much margin the increase restores."}]
[score] reconciliation merged both-sides claims: [{"dimension":"structure","wentWell":"When asked about MECE, the candidate correctly spotted the overlap in the external-factors bucket and rebuilt the tree as revenue-side versus cost-side effects, including below-the-line items.","needsWork":"The initial three buckets overlapped. External factors duplicated drivers already inside COGS and labor, and the candidate needed a prompt to fix it.","merged":"The initial three buckets overlapped, with external factors duplicating drivers already inside COGS and labor. When prompted on MECE, the candidate correctly spotted the overlap and rebuilt the tree as revenue-side versus cost-side effects, including below-the-line items.","placedIn":"needsWork"},{"dimension":"dataExhibit","wentWell":"The candidate tested whether the bean spike alone could explain the COGS increase rather than stopping at beans, and spotted the steady linear trend as a sign of a structural rather than one-off problem.","needsWork":"After the exhibit and the 40% bean figure, the candidate built a narrative of excess bean usage on a residual. That residual came from treating the bean 40% as a unit-price rise but the other-input 37.5% as total-dollar growth. The candidate did not check whether a consistent reading reconciles the data.","merged":"The candidate tested whether the bean spike alone could explain the COGS increase and read the steady linear trend as a structural problem. However, the excess-usage narrative rested on a residual created by treating the bean 40% as a unit-price rise and the other-input 37.5% as total-dollar growth, and the candidate did not check whether a consistent reading reconciles the data.","placedIn":"wentWell"},{"dimension":"creativity","wentWell":"The candidate organized levers into distinct buckets: pricing, procurement, mix and menu engineering, and overhead.","needsWork":"The brainstorm launched straight into levers without first naming the bucket structure. Stating the buckets up front would have made the organization clearer.","merged":"The candidate organized levers into distinct buckets (pricing, procurement, mix and menu engineering, and overhead) but launched into the levers without naming that structure up front, which made the organization harder to follow.","placedIn":"wentWell"},{"dimension":"communication","wentWell":"The candidate was consistently top-down and signposted, stating the approach before computing and the structure before detail.","needsWork":"The exhibit response opened with a trend observation before reaching the main point, slightly burying the headline.","merged":"The candidate was generally top-down and signposted, stating the approach before computing and the structure before detail. The exhibit response was an exception: it opened with a trend observation before reaching the main point, slightly burying the headline.","placedIn":"wentWell"},{"dimension":"pushback","wentWell":"When asked to pressure-test the residual, the candidate found and corrected an own error, held the core finding, and named the key caveat.","needsWork":"After the dollar-terms clarification, the candidate dropped the first-pass split entirely. It never revisited the fact that the first reading later matched the 40% bean figure exactly, which was a reason to hold or probe further.","merged":"When asked to pressure-test the residual, the candidate found and corrected an own error and named the key caveat. However, the candidate had already dropped the first-pass split after the dollar-terms clarification and never noticed that the corrected 14.7-point bean figure exactly matched it, which was a reason to hold that reading or probe further.","placedIn":"wentWell"}]
[score] cross-dimension repetition: [{"concept":"Inconsistent reading of the two growth figures (bean 40% as unit price vs. other-input 37.5% as total dollars), producing a spurious unexplained residual and an unchecked usage/waste narrative","dimensions":["dataExhibit","synthesis","pushback"]},{"concept":"Procurement/input-cost levers not extended beyond beans to dairy, packaging and food","dimensions":["judgment","quantitative","synthesis"]}]

[live-run] ended=true scoring=scored