[live-run] session e51bd505-6b6e-46df-8fe1-1240a5f7b216 · Brew & Bean Profitability · pace human

[interviewer · INTRO] Your client is Brew & Bean, a specialty coffee chain with 200 locations across the US. Over the past two years, their net profit margin has declined from 24% to 6%, even though revenues have grown 15% over the same period. The CEO has hired us to identify the root cause of this profit decline and recommend how to reverse it. How would you approach this problem?

Take a minute if you need it, then tell me how you'd structure your approach.

[candidate · 1:30] Let me take a second to lay this out.

So revenue is up 15% but margin fell from 24% to 6% — that's a huge drop, and since revenue grew, the problem is almost certainly on the cost side, or a mix issue where we're growing low-margin revenue. I'd want to confirm that first.

My structure has three buckets.

First, revenue quality: is the 15% growth coming from more stores, more transactions per store, or higher prices? If it's new store openings, those stores may be dragging margin. I'd also want to know if ticket size changed, and whether we discounted or shifted mix toward lower-margin items.

Second, costs — I'd split into COGS (coffee beans, milk, cups) and operating costs (labor, rent, utilities, marketing, corporate overhead). I want the cost breakdown as a percent of revenue for both years so I can see which line moved.

Third, external factors: commodity prices, wage legislation, competition.

Can I start with the cost breakdown by year?
[runner] phase: INTRO kind: model stall rung: none
[interviewer] phase: INTRO
[interviewer-model] raw response: {"say":"Okay.","move":"pressure_test","requests":[{"what":"cost breakdown by year","item_ids":["cogs_pct","labor_pct","overhead_pct"],"explicit":true,"respond":"defer"}],"exhibit":null,"rescue_item":null,"question":"Is that framework MECE — what's missing?"}
[timing] reads_done=206 plan_done=217 model_request=219 model_first_reasoning=406 distress_verdict=1047 model_first_token=1499 model_first_sentence=1502 first_delivered=1509 model_say_closed=1509 model_move_closed=1509 model_requests_closed=1509 model_exhibit_closed=1509 model_rescue_item_closed=1509 data_line_delivered=1510 model_question_closed=1511 model_done=1515 settle_start=1515 settle_composed=1528 tail_delivered=1528 persist_start=1528 persist_end=1683

[interviewer · STRUCTURE · 1:32] Okay. I'll come back to cost breakdown by year shortly. Is that framework MECE — what's missing?

[candidate · 3:02] Fair push. Let me check it.

A couple of gaps. First, I jumped to cost without being precise about profit: profit is revenue minus cost, so technically my top level should be those two branches, and the revenue branch itself splits into price times volume, with volume splitting into number of stores times transactions per store times ticket. I sort of mixed those levels together.

Second, I put "external factors" as a third bucket, but that's not really parallel — commodity prices and wages are drivers of cost lines, not a separate branch. It's a cause, not a category. So that's overlapping.

Third, I didn't account for anything below the operating line. Net margin, not gross — so interest expense, depreciation from new store buildouts, taxes, or one-time write-offs could all be hitting us. If they opened a lot of stores, depreciation and debt service could be a real chunk.

So cleaner: profit equals revenue minus operating costs minus non-operating costs, with price and volume under revenue.
[runner] phase: STRUCTURE kind: model stall rung: none
[interviewer] phase: STRUCTURE
[interviewer-model] raw response: {"say":"Understood.","move":"pressure_test","requests":[],"exhibit":null,"rescue_item":null,"question":"Is that MECE — what's missing?"}
[timing] reads_done=45 plan_done=50 model_request=50 distress_verdict=674 model_first_reasoning=5569 model_first_token=5790 model_first_sentence=5792 first_delivered=5793 model_say_closed=5793 model_move_closed=5793 model_requests_closed=5793 model_exhibit_closed=5793 model_rescue_item_closed=5793 model_question_closed=5794 model_done=5794 settle_start=5794 settle_composed=5796 tail_delivered=5796 persist_start=5796 persist_end=5841

[interviewer · STRUCTURE · 3:08] Understood. Is that MECE — what's missing?

[candidate · 4:38] I think the bigger gap now is that I've only structured it by line item, not by segment. The same framework needs a cutting dimension — otherwise averages hide everything.

So I'd layer in: new stores versus mature stores, since new ones likely open at low volume with full fixed costs; geography, since wages and rent vary a lot by metro; and channel or product mix — in-store versus delivery apps, which take big commissions, and food versus beverage, which have very different margins.

I'd also add a time dimension. A two-year decline could be gradual or a cliff. If margin fell off suddenly, that points to a discrete event like a contract renegotiation or a delivery partnership. If it eroded steadily, it's more structural.

Last thing I missed: capacity utilization. Revenue up 15% across 200 stores might mean each store is doing less volume against fixed rent and labor.

Can I get the cost breakdown by year now?
[runner] phase: STRUCTURE kind: model stall rung: none
[interviewer] phase: STRUCTURE
[interviewer-model] raw response: {"say":"Got it.","move":"analysis","requests":[{"what":"COGS as % of revenue","item_ids":["cogs_pct"],"explicit":true,"respond":"release"},{"what":"Labor as % of revenue","item_ids":["labor_pct"],"explicit":true,"respond":"release"},{"what":"Overhead / rent as % of revenue","item_ids":["overhead_pct"],"explicit":true,"respond":"release"}],"exhibit":null,"rescue_item":null,"question":"What do these cost percentages reveal about the drivers of the margin decline?"}
[timing] reads_done=45 plan_done=46 model_request=47 model_first_reasoning=353 distress_verdict=776 model_first_token=872 model_first_sentence=872 first_delivered=873 model_say_closed=873 model_move_closed=874 model_requests_closed=874 model_exhibit_closed=874 model_rescue_item_closed=874 data_line_delivered=875 model_question_closed=875 model_done=878 settle_start=878 settle_composed=879 tail_delivered=879 persist_start=879 persist_end=972

[interviewer · ANALYSIS · 4:39] Got it. You asked about this earlier: COGS is 58% of revenue today, up from 42% two years ago. Labor is 22% of revenue, and it’s been stable. Overhead is 14% of revenue, up slightly from 12%. What do these cost percentages reveal about the drivers of the margin decline?

[candidate · 6:09] This basically solves the arithmetic. Let me check it adds up.

Today: 100 minus 58 COGS minus 22 labor minus 14 overhead = 6% margin. Two years ago: 100 minus 42 minus 22 minus 12 = 24%. So the full 18-point decline is explained by these lines — nothing hidden below the operating line after all.

And the split is lopsided: COGS is 16 of the 18 points, overhead only 2. So roughly 89% of the problem is COGS. Labor flat at 22% is actually notable — if wages rose industry-wide and labor held flat as a percent of revenue, they may have managed that well, or revenue growth absorbed it.

So I'd focus almost entirely on COGS. Two possibilities: input cost per unit went up — bean or dairy prices, supplier contracts — or price didn't keep pace, meaning they absorbed cost increases instead of passing them through. Mix shift toward lower-margin items could do it too.

Do we know whether menu prices changed over these two years, and what's inside that COGS line?
[runner] phase: ANALYSIS kind: model stall rung: none
[interviewer] phase: ANALYSIS
[interviewer-model] raw response: {"say":"Got it.","move":"analysis","requests":[{"what":"menu price changes over two years","item_ids":["menu_price_change"],"explicit":true,"respond":"release"},{"what":"coffee bean price change over 2 years","item_ids":["bean_price_change"],"explicit":true,"respond":"release"},{"what":"coffee beans share of COGS","item_ids":["bean_share_of_cogs"],"explicit":true,"respond":"release"},{"what":"other input cost changes (dairy, packaging, food) over 2 years","item_ids":["non_bean_input_change"],"explicit":true,"respond":"release"}],"exhibit":null,"rescue_item":null,"question":"Based on the menu price changes and COGS breakdown, which factor do you think is driving most of the COGS increase?"}
[timing] reads_done=34 plan_done=48 model_request=48 model_first_reasoning=171 distress_verdict=835 model_first_token=866 model_first_sentence=866 first_delivered=867 model_say_closed=867 model_move_closed=871 model_requests_closed=902 model_exhibit_closed=902 model_rescue_item_closed=902 data_line_delivered=903 model_question_closed=909 model_done=913 settle_start=913 settle_composed=915 tail_delivered=915 persist_start=915 persist_end=1022

[interviewer · EXHIBIT · 6:10] Got it. Menu prices have not changed in two years. Raw coffee bean costs are up 40% over the past two years. Coffee beans were 25% of COGS two years ago. I'll come back to other input cost changes (dairy, packaging, food) over 2 years shortly. Based on the menu price changes and COGS breakdown, which factor do you think is driving most of the COGS increase?

[candidate · 7:40] Let me size the bean effect.

Beans were 25% of COGS, and COGS was 42% of revenue, so beans were 0.25 × 42 = 10.5% of revenue two years ago. Prices unchanged, so revenue per unit is flat — a 40% cost increase takes beans to 10.5 × 1.4 = 14.7% of revenue. That's a 4.2-point increase.

But total COGS rose 16 points. So beans explain only 4.2 of 16, about 26% — a quarter of the COGS problem. That surprises me; I'd assumed beans were the story.

So roughly 12 points of COGS increase are coming from somewhere else — dairy, packaging, food, or waste and spoilage. That's the bigger fish, and I'd want that breakdown next.

The flat menu pricing is the other half of the answer. With zero price increases over two years while inputs inflated, every cost increase drops straight to the bottom line. Even a modest pass-through would have protected a lot of margin.

What happened to dairy, packaging, and food costs?
[runner] phase: EXHIBIT kind: model stall rung: none
[interviewer] phase: EXHIBIT
[interviewer-model] raw response: {"say":"Understood.","move":"exhibit","requests":[{"what":"other input cost changes","item_ids":["non_bean_input_change"],"explicit":true,"respond":"release"}],"exhibit":"exhibit-a","rescue_item":null,"question":"What does this breakdown tell you about the drivers of the COGS increase?"}
[timing] reads_done=32 plan_done=34 model_request=35 model_first_reasoning=540 distress_verdict=946 model_first_token=1936 model_first_sentence=1936 first_delivered=1937 model_say_closed=1937 model_move_closed=1948 model_requests_closed=1951 model_exhibit_closed=1951 model_rescue_item_closed=1951 data_line_delivered=1951 model_question_closed=2049 model_done=2051 settle_start=2051 settle_composed=2054 tail_delivered=2054 persist_start=2054 persist_end=2091

[interviewer · EXHIBIT · 7:42] Understood. On what you asked about earlier: Other input costs — dairy, packaging, and food — are up 37.5% over the past two years. Here's an exhibit: Brew & Bean Cost Structure Over Time. What does this breakdown tell you about the drivers of the COGS increase?

[candidate · 9:12] The numbers close cleanly. Other inputs were 75% of COGS = 0.75 × 42 = 31.5% of revenue. Up 37.5%: 31.5 × 1.375 = 43.3%, so +11.8 points. Add the 4.2 from beans and I get 16.0 points — exactly the COGS increase. So input cost inflation explains 100% of it. No waste, shrinkage, or mix story needed.

And the split is 4.2 beans versus 11.8 other, so about 74% of the COGS problem is dairy, packaging, and food — not coffee. That matters for the recommendation; renegotiating bean contracts alone touches only a quarter of the issue.

The exhibit tells me it's a steady erosion, not a cliff: COGS up 8 points, then 8 points again. Profit 24, 15, 6. That's structural inflation, not a one-time event — and it suggests a third straight year would push them near zero or negative.

The damning piece is still flat pricing through two years of roughly 38–40% input inflation. Do we know anything about competitor pricing or customer price sensitivity?
[runner] phase: EXHIBIT kind: model stall rung: none
[interviewer] phase: EXHIBIT
[interviewer-model] raw response: {"say":"Got it.","move":"analysis","requests":[{"what":"competitor pricing data","item_ids":[],"explicit":true,"respond":"release"},{"what":"customer price sensitivity data","item_ids":[],"explicit":true,"respond":"release"}],"exhibit":null,"rescue_item":null,"question":"You said beans represent 10.5 points of revenue – points of what?"}
[runner] withheld: [{"sentence":"You said beans represent 10.5 points of revenue – points of what?","reason":"probe_guard","field":"question"}]
[timing] reads_done=33 plan_done=35 model_request=35 model_first_reasoning=229 distress_verdict=757 model_first_token=1930 model_first_sentence=1932 first_delivered=1933 model_say_closed=1933 model_move_closed=1933 model_requests_closed=1934 model_exhibit_closed=1934 model_rescue_item_closed=1934 data_line_delivered=1934 model_question_closed=1934 model_done=1934 settle_start=1934 settle_composed=1936 tail_delivered=1936 persist_start=1936 persist_end=1984

[interviewer · EXHIBIT · 9:14] Got it. I don't have competitor pricing data or customer price sensitivity data. Go on.

[candidate · 10:44] Let me size what pricing alone would have to do.

Total costs are 58 + 22 + 14 = 94% of revenue. If I raise prices x% and hold volume constant, costs stay flat in absolute dollars while revenue scales. To get back to 24% margin: 94 ÷ 0.76 = 123.7, so about a 24% price increase. That's steep and almost certainly costs volume.

A more realistic target — say 15%, their level last year — needs 94 ÷ 0.85 = 110.6, roughly an 11% increase. That's broadly in line with input inflation of 38–40% on a cost base that's about 60% of revenue, so it's a pass-through, not a grab.

Worth noting: because labor and overhead are largely fixed, a price increase that holds volume improves margin faster than a cost cut of the same size.

Without elasticity data I'd assume specialty coffee is moderately inelastic given the premium positioning. But I'd want to test it rather than roll out chain-wide.

What else can we look at — anything on the supply side, contracts or sourcing?
[runner] phase: EXHIBIT kind: model stall rung: none
[interviewer] phase: EXHIBIT
[interviewer-model] raw response: {"say":"Got it.","move":"brainstorm","requests":[{"what":"supply contracts and sourcing details","item_ids":[],"explicit":true,"respond":"defer"}],"exhibit":null,"rescue_item":null,"question":"Beyond pricing, what other actions could Brew & Bean pursue to offset the cost inflation and improve margins?"}
[timing] reads_done=33 plan_done=34 model_request=34 model_first_reasoning=291 distress_verdict=858 model_first_token=1561 model_first_sentence=1561 first_delivered=1563 model_say_closed=1563 model_move_closed=1565 model_requests_closed=1570 model_exhibit_closed=1577 model_rescue_item_closed=1577 data_line_delivered=1577 model_question_closed=1586 model_done=1588 settle_start=1588 settle_composed=1590 tail_delivered=1590 persist_start=1590 persist_end=1694

[interviewer · BRAINSTORM · 10:45] Got it. I don't have supply contracts and sourcing details. Beyond pricing, what other actions could Brew & Bean pursue to offset the cost inflation and improve margins?

[candidate · 12:15] Three other levers beyond price.

First, procurement. Even without contract details, 200 locations is real scale — I'd look at consolidating suppliers, committing to volume for discounts, and hedging or forward-contracting beans and dairy to stop the bleeding from spot prices. Dairy especially, since other inputs are three-quarters of the problem.

Second, product and mix. Reformulate where the customer won't notice — lighter cup stock, cheaper lids, portion control on milk. Push mix toward high-margin, low-input items: black coffee, espresso, and especially non-dairy or non-food attachments. If dairy is the inflation driver, steering customers toward drinks that use less of it helps twice.

Third, indirect pricing. Shrink drink sizes slightly at the same price, trim discounts and loyalty giveaways, or charge for add-ons that were free. Customers feel these less than a headline price increase.

I'd also sanity-check overhead, which drifted 12 to 14. It's only 2 points, but it's the one line moving in the wrong direction that isn't inflation-driven.
[runner] phase: BRAINSTORM kind: model stall rung: none
[interviewer] phase: BRAINSTORM
[interviewer-model] raw response: {"say":"Got it.","move":"brainstorm","requests":[],"exhibit":null,"rescue_item":null,"question":"Beyond the levers you’ve mentioned, what other actions could Brew & Bean pursue to improve margins?"}
[timing] reads_done=30 plan_done=32 model_request=32 model_first_reasoning=485 distress_verdict=712 model_first_token=974 model_first_sentence=974 first_delivered=976 model_say_closed=976 model_move_closed=982 model_requests_closed=982 model_exhibit_closed=982 model_rescue_item_closed=986 model_question_closed=989 model_done=992 settle_start=992 settle_composed=995 tail_delivered=995 persist_start=995 persist_end=1036

[interviewer · BRAINSTORM · 12:16] Got it. Beyond the levers you’ve mentioned, what other actions could Brew & Bean pursue to improve margins?

[candidate · 13:46] A few more.

On the revenue side rather than cost: grow volume into the fixed base. Labor and overhead are 36% of revenue and largely fixed per store, so incremental transactions are highly accretive. Extend dayparts — afternoon and evening traffic, food attachment at lunch — and push catering or office accounts. Also consider new revenue streams with better margins: selling retail bags of beans, merchandise, or subscriptions, which carry input costs but far less labor.

On labor, it's been flat at 22% so it's not a problem, but it's also an opportunity nobody's touched. Mobile ordering, better scheduling against traffic patterns, or some automation could pull a point or two out.

On footprint, I'd want store-level P&Ls. With 200 locations there's likely a tail of underperformers; closing or renegotiating leases on the worst decile could help. Rent sits in overhead, the line that's drifting.

Finally, delivery apps — if they're on them, those commissions are margin-destructive and worth revisiting.
[runner] phase: BRAINSTORM kind: rec_ask stall rung: none
[interviewer] phase: BRAINSTORM
[interviewer-model] raw response: {"say":"Okay.","move":"recommendation","requests":[],"exhibit":null,"rescue_item":null,"question":""}
[timing] reads_done=29 plan_done=30 model_request=31 model_first_reasoning=179 model_first_token=739 model_first_sentence=739 held_for_distress=739 model_say_closed=739 model_move_closed=739 model_requests_closed=739 model_exhibit_closed=744 model_rescue_item_closed=744 model_question_closed=745 model_done=748 distress_verdict=902 first_delivered=904 settle_start=904 settle_composed=905 tail_delivered=905 persist_start=905 persist_end=943

[interviewer · RECOMMENDATION · 13:47] Okay. Based on what you have, what would you tell the CEO to do?

[candidate · 15:17] My recommendation: raise prices roughly 10–12% to restore margin to the mid-teens, and pair it with procurement action on dairy and packaging.

The reasoning. The entire 18-point margin decline sits in COGS — 16 of 18 points — and input inflation of 38–40% explains all 16. Labor held flat and overhead moved only 2 points. Meanwhile menu prices haven't moved in two years, so they've absorbed every dollar of inflation. A roughly 11% increase gets them to 94 ÷ 0.85, about 15% margin, and it's a pass-through rather than a grab.

The second priority is dairy, packaging and food, which is 11.8 of the 16 points — three-quarters of the problem. Beans get the attention but aren't the story. Use 200-store scale to consolidate suppliers and forward-contract.

Risks: no elasticity or competitor data, so a chain-wide increase could cost volume. The trajectory is also 8 points of COGS per year, so inaction means near-zero profit next year.

Next steps: pilot pricing in 20 stores across two or three metros for six weeks, measure volume response, and run a dairy and packaging RFP in parallel.
[runner] phase: RECOMMENDATION kind: model stall rung: none
[interviewer] phase: RECOMMENDATION
[interviewer-model] raw response: {"say":"Got it.","move":"risk","requests":[],"exhibit":null,"rescue_item":null,"question":"What is the biggest risk to your recommendation?"}
[timing] reads_done=37 plan_done=40 model_request=41 model_first_reasoning=196 model_first_token=516 model_first_sentence=516 held_for_distress=516 model_say_closed=516 model_move_closed=516 model_requests_closed=520 model_exhibit_closed=520 model_rescue_item_closed=520 model_question_closed=525 model_done=527 distress_verdict=799 first_delivered=800 settle_start=800 settle_composed=802 tail_delivered=802 persist_start=802 persist_end=847

[interviewer · RECOMMENDATION · 15:18] Got it. What is the biggest risk to your recommendation?

[candidate · 16:48] The biggest risk is price elasticity — I have zero data on it, and the whole recommendation rests on volume holding.

Let me size the cushion. Treat COGS as variable and labor plus overhead as fixed. Index revenue at 100, so variable cost is 58 and fixed is 36. With an 11% price increase, each unit of volume now earns 111 in revenue against 58 in variable cost, so contribution is 53. Profit equals 53 × (remaining volume share) minus 36.

To stay at today's 6%: 53 × (1−v) = 42, so 1−v = 0.79, v ≈ 21%.

So they could lose about a fifth of their transactions and still be no worse off than today. That's a wide margin of safety, which makes me more comfortable.

The secondary risk is that this is a pure pass-through with no competitive insight — if rivals held prices, we're suddenly the expensive option and brand perception takes a hit. That's exactly what the 20-store pilot is designed to catch before a chain-wide rollout.
[runner] phase: RECOMMENDATION kind: close stall rung: none
[timing] reads_done=52 plan_done=53 code_written_checks_start=53 distress_verdict=821 code_written_checks_end=821 settle_start=822 settle_composed=822 first_delivered=822 tail_delivered=822 persist_start=822 persist_end=869

[interviewer · SCORING · 16:49] That's our time. Thanks for working through this with me — your written report will follow.

[live-run] ended=true scoring=skipped